[2025-09-03T20:04:45.543+0000][gc,init] CardTable entry size: 512
[2025-09-03T20:04:45.547+0000][gc     ] Using G1
[2025-09-03T20:04:45.555+0000][gc,init] Version: 21.0.8+9-Ubuntu-0ubuntu122.04.1 (release)
[2025-09-03T20:04:45.555+0000][gc,init] CPUs: 4 total, 4 available
[2025-09-03T20:04:45.555+0000][gc,init] Memory: 3911M
[2025-09-03T20:04:45.555+0000][gc,init] Large Page Support: Disabled
[2025-09-03T20:04:45.555+0000][gc,init] NUMA Support: Disabled
[2025-09-03T20:04:45.555+0000][gc,init] Compressed Oops: Enabled (32-bit)
[2025-09-03T20:04:45.555+0000][gc,init] Heap Region Size: 1M
[2025-09-03T20:04:45.555+0000][gc,init] Heap Min Capacity: 1G
[2025-09-03T20:04:45.555+0000][gc,init] Heap Initial Capacity: 1G
[2025-09-03T20:04:45.555+0000][gc,init] Heap Max Capacity: 1G
[2025-09-03T20:04:45.555+0000][gc,init] Pre-touch: Disabled
[2025-09-03T20:04:45.555+0000][gc,init] Parallel Workers: 4
[2025-09-03T20:04:45.555+0000][gc,init] Concurrent Workers: 1
[2025-09-03T20:04:45.555+0000][gc,init] Concurrent Refinement Workers: 4
[2025-09-03T20:04:45.555+0000][gc,init] Periodic GC: Disabled
[2025-09-03T20:04:45.562+0000][gc,metaspace] CDS archive(s) mapped at: [0x00007f38e7000000-0x00007f38e7ca0000-0x00007f38e7ca0000), size 13238272, SharedBaseAddress: 0x00007f38e7000000, ArchiveRelocationMode: 1.
[2025-09-03T20:04:45.562+0000][gc,metaspace] Compressed class space mapped at: 0x00007f38e8000000-0x00007f3928000000, reserved size: 1073741824
[2025-09-03T20:04:45.562+0000][gc,metaspace] Narrow klass base: 0x00007f38e7000000, Narrow klass shift: 0, Narrow klass range: 0x100000000
[2025-09-03T20:04:46.637+0000][gc,start    ] GC(0) Pause Young (Normal) (G1 Evacuation Pause)
[2025-09-03T20:04:46.637+0000][gc,task     ] GC(0) Using 4 workers of 4 for evacuation
[2025-09-03T20:04:46.644+0000][gc,phases   ] GC(0)   Pre Evacuate Collection Set: 0,3ms
[2025-09-03T20:04:46.644+0000][gc,phases   ] GC(0)   Merge Heap Roots: 0,1ms
[2025-09-03T20:04:46.644+0000][gc,phases   ] GC(0)   Evacuate Collection Set: 6,4ms
[2025-09-03T20:04:46.644+0000][gc,phases   ] GC(0)   Post Evacuate Collection Set: 0,5ms
[2025-09-03T20:04:46.644+0000][gc,phases   ] GC(0)   Other: 0,5ms
[2025-09-03T20:04:46.644+0000][gc,heap     ] GC(0) Eden regions: 51->0(44)
[2025-09-03T20:04:46.644+0000][gc,heap     ] GC(0) Survivor regions: 0->7(7)
[2025-09-03T20:04:46.644+0000][gc,heap     ] GC(0) Old regions: 2->4
[2025-09-03T20:04:46.645+0000][gc,heap     ] GC(0) Humongous regions: 0->0
[2025-09-03T20:04:46.645+0000][gc,metaspace] GC(0) Metaspace: 17888K(18176K)->17888K(18176K) NonClass: 15831K(16000K)->15831K(16000K) Class: 2056K(2176K)->2056K(2176K)
[2025-09-03T20:04:46.645+0000][gc          ] GC(0) Pause Young (Normal) (G1 Evacuation Pause) 52M->9M(1024M) 7,930ms
[2025-09-03T20:04:46.645+0000][gc,cpu      ] GC(0) User=0,02s Sys=0,00s Real=0,01s
[2025-09-03T20:04:46.836+0000][gc,start    ] GC(1) Pause Young (Concurrent Start) (Metadata GC Threshold)
[2025-09-03T20:04:46.836+0000][gc,task     ] GC(1) Using 4 workers of 4 for evacuation
[2025-09-03T20:04:46.841+0000][gc,phases   ] GC(1)   Pre Evacuate Collection Set: 0,2ms
[2025-09-03T20:04:46.841+0000][gc,phases   ] GC(1)   Merge Heap Roots: 0,0ms
[2025-09-03T20:04:46.841+0000][gc,phases   ] GC(1)   Evacuate Collection Set: 4,9ms
[2025-09-03T20:04:46.841+0000][gc,phases   ] GC(1)   Post Evacuate Collection Set: 0,4ms
[2025-09-03T20:04:46.841+0000][gc,phases   ] GC(1)   Other: 0,1ms
[2025-09-03T20:04:46.841+0000][gc,heap     ] GC(1) Eden regions: 14->0(50)
[2025-09-03T20:04:46.841+0000][gc,heap     ] GC(1) Survivor regions: 7->1(7)
[2025-09-03T20:04:46.842+0000][gc,heap     ] GC(1) Old regions: 4->11
[2025-09-03T20:04:46.842+0000][gc,heap     ] GC(1) Humongous regions: 0->0
[2025-09-03T20:04:46.842+0000][gc,metaspace] GC(1) Metaspace: 21358K(21504K)->21358K(21504K) NonClass: 18865K(18944K)->18865K(18944K) Class: 2493K(2560K)->2493K(2560K)
[2025-09-03T20:04:46.842+0000][gc          ] GC(1) Pause Young (Concurrent Start) (Metadata GC Threshold) 22M->10M(1024M) 5,785ms
[2025-09-03T20:04:46.842+0000][gc,cpu      ] GC(1) User=0,02s Sys=0,01s Real=0,01s
[2025-09-03T20:04:46.842+0000][gc          ] GC(2) Concurrent Mark Cycle
[2025-09-03T20:04:46.842+0000][gc,marking  ] GC(2) Concurrent Scan Root Regions
[2025-09-03T20:04:46.844+0000][gc,marking  ] GC(2) Concurrent Scan Root Regions 2,761ms
[2025-09-03T20:04:46.844+0000][gc,marking  ] GC(2) Concurrent Mark
[2025-09-03T20:04:46.844+0000][gc,marking  ] GC(2) Concurrent Mark From Roots
[2025-09-03T20:04:46.844+0000][gc,task     ] GC(2) Using 1 workers of 1 for marking
[2025-09-03T20:04:46.848+0000][gc,marking  ] GC(2) Concurrent Mark From Roots 3,542ms
[2025-09-03T20:04:46.848+0000][gc,marking  ] GC(2) Concurrent Preclean
[2025-09-03T20:04:46.848+0000][gc,marking  ] GC(2) Concurrent Preclean 0,009ms
[2025-09-03T20:04:46.848+0000][gc,start    ] GC(2) Pause Remark
[2025-09-03T20:04:46.850+0000][gc          ] GC(2) Pause Remark 10M->10M(1024M) 1,914ms
[2025-09-03T20:04:46.850+0000][gc,cpu      ] GC(2) User=0,01s Sys=0,00s Real=0,00s
[2025-09-03T20:04:46.850+0000][gc,marking  ] GC(2) Concurrent Mark 5,725ms
[2025-09-03T20:04:46.850+0000][gc,marking  ] GC(2) Concurrent Rebuild Remembered Sets and Scrub Regions
[2025-09-03T20:04:46.853+0000][gc,marking  ] GC(2) Concurrent Rebuild Remembered Sets and Scrub Regions 2,851ms
[2025-09-03T20:04:46.853+0000][gc,start    ] GC(2) Pause Cleanup
[2025-09-03T20:04:46.853+0000][gc          ] GC(2) Pause Cleanup 10M->10M(1024M) 0,190ms
[2025-09-03T20:04:46.853+0000][gc,cpu      ] GC(2) User=0,00s Sys=0,00s Real=0,01s
[2025-09-03T20:04:46.853+0000][gc,marking  ] GC(2) Concurrent Clear Claimed Marks
[2025-09-03T20:04:46.853+0000][gc,marking  ] GC(2) Concurrent Clear Claimed Marks 0,018ms
[2025-09-03T20:04:46.853+0000][gc,marking  ] GC(2) Concurrent Cleanup for Next Mark
[2025-09-03T20:04:46.870+0000][gc,marking  ] GC(2) Concurrent Cleanup for Next Mark 16,558ms
[2025-09-03T20:04:46.870+0000][gc          ] GC(2) Concurrent Mark Cycle 28,456ms
[2025-09-03T20:04:47.608+0000][gc,start    ] GC(3) Pause Young (Prepare Mixed) (G1 Evacuation Pause)
[2025-09-03T20:04:47.608+0000][gc,task     ] GC(3) Using 4 workers of 4 for evacuation
[2025-09-03T20:04:47.613+0000][gc,phases   ] GC(3)   Pre Evacuate Collection Set: 0,2ms
[2025-09-03T20:04:47.613+0000][gc,phases   ] GC(3)   Merge Heap Roots: 0,1ms
[2025-09-03T20:04:47.613+0000][gc,phases   ] GC(3)   Evacuate Collection Set: 4,0ms
[2025-09-03T20:04:47.613+0000][gc,phases   ] GC(3)   Post Evacuate Collection Set: 0,4ms
[2025-09-03T20:04:47.613+0000][gc,phases   ] GC(3)   Other: 0,1ms
[2025-09-03T20:04:47.613+0000][gc,heap     ] GC(3) Eden regions: 50->0(44)
[2025-09-03T20:04:47.613+0000][gc,heap     ] GC(3) Survivor regions: 1->7(7)
[2025-09-03T20:04:47.613+0000][gc,heap     ] GC(3) Old regions: 11->11
[2025-09-03T20:04:47.613+0000][gc,heap     ] GC(3) Humongous regions: 129->129
[2025-09-03T20:04:47.613+0000][gc,metaspace] GC(3) Metaspace: 33310K(33536K)->33310K(33536K) NonClass: 29700K(29824K)->29700K(29824K) Class: 3609K(3712K)->3609K(3712K)
[2025-09-03T20:04:47.613+0000][gc          ] GC(3) Pause Young (Prepare Mixed) (G1 Evacuation Pause) 189M->144M(1024M) 4,872ms
[2025-09-03T20:04:47.613+0000][gc,cpu      ] GC(3) User=0,02s Sys=0,00s Real=0,00s
[2025-09-03T20:04:47.819+0000][gc,start    ] GC(4) Pause Young (Mixed) (Metadata GC Threshold)
[2025-09-03T20:04:47.819+0000][gc,task     ] GC(4) Using 4 workers of 4 for evacuation
[2025-09-03T20:04:47.826+0000][gc,phases   ] GC(4)   Pre Evacuate Collection Set: 0,3ms
[2025-09-03T20:04:47.826+0000][gc,phases   ] GC(4)   Merge Heap Roots: 0,1ms
[2025-09-03T20:04:47.826+0000][gc,phases   ] GC(4)   Evacuate Collection Set: 5,7ms
[2025-09-03T20:04:47.826+0000][gc,phases   ] GC(4)   Post Evacuate Collection Set: 0,4ms
[2025-09-03T20:04:47.826+0000][gc,phases   ] GC(4)   Other: 0,1ms
[2025-09-03T20:04:47.826+0000][gc,heap     ] GC(4) Eden regions: 11->0(49)
[2025-09-03T20:04:47.826+0000][gc,heap     ] GC(4) Survivor regions: 7->2(7)
[2025-09-03T20:04:47.826+0000][gc,heap     ] GC(4) Old regions: 11->16
[2025-09-03T20:04:47.826+0000][gc,heap     ] GC(4) Humongous regions: 129->129
[2025-09-03T20:04:47.826+0000][gc,metaspace] GC(4) Metaspace: 35736K(35968K)->35736K(35968K) NonClass: 31806K(31936K)->31806K(31936K) Class: 3929K(4032K)->3929K(4032K)
[2025-09-03T20:04:47.826+0000][gc          ] GC(4) Pause Young (Mixed) (Metadata GC Threshold) 155M->145M(1024M) 6,651ms
[2025-09-03T20:04:47.826+0000][gc,cpu      ] GC(4) User=0,01s Sys=0,01s Real=0,01s
[2025-09-03T20:04:47.842+0000][gc,start    ] GC(5) Pause Young (Concurrent Start) (Metadata GC Threshold)
[2025-09-03T20:04:47.842+0000][gc,task     ] GC(5) Using 4 workers of 4 for evacuation
[2025-09-03T20:04:47.843+0000][gc,phases   ] GC(5)   Pre Evacuate Collection Set: 0,2ms
[2025-09-03T20:04:47.843+0000][gc,phases   ] GC(5)   Merge Heap Roots: 0,1ms
[2025-09-03T20:04:47.843+0000][gc,phases   ] GC(5)   Evacuate Collection Set: 0,7ms
[2025-09-03T20:04:47.843+0000][gc,phases   ] GC(5)   Post Evacuate Collection Set: 0,2ms
[2025-09-03T20:04:47.843+0000][gc,phases   ] GC(5)   Other: 0,1ms
[2025-09-03T20:04:47.843+0000][gc,heap     ] GC(5) Eden regions: 3->0(50)
[2025-09-03T20:04:47.843+0000][gc,heap     ] GC(5) Survivor regions: 2->1(7)
[2025-09-03T20:04:47.843+0000][gc,heap     ] GC(5) Old regions: 16->16
[2025-09-03T20:04:47.843+0000][gc,heap     ] GC(5) Humongous regions: 129->129
[2025-09-03T20:04:47.843+0000][gc,metaspace] GC(5) Metaspace: 36035K(36288K)->36035K(36288K) NonClass: 32063K(32192K)->32063K(32192K) Class: 3972K(4096K)->3972K(4096K)
[2025-09-03T20:04:47.843+0000][gc          ] GC(5) Pause Young (Concurrent Start) (Metadata GC Threshold) 147M->144M(1024M) 1,367ms
[2025-09-03T20:04:47.843+0000][gc,cpu      ] GC(5) User=0,00s Sys=0,00s Real=0,00s
[2025-09-03T20:04:47.843+0000][gc          ] GC(6) Concurrent Mark Cycle
[2025-09-03T20:04:47.843+0000][gc,marking  ] GC(6) Concurrent Scan Root Regions
[2025-09-03T20:04:47.844+0000][gc,marking  ] GC(6) Concurrent Scan Root Regions 0,883ms
[2025-09-03T20:04:47.844+0000][gc,marking  ] GC(6) Concurrent Mark
[2025-09-03T20:04:47.844+0000][gc,marking  ] GC(6) Concurrent Mark From Roots
[2025-09-03T20:04:47.844+0000][gc,task     ] GC(6) Using 1 workers of 1 for marking
[2025-09-03T20:04:47.863+0000][gc,marking  ] GC(6) Concurrent Mark From Roots 19,246ms
[2025-09-03T20:04:47.863+0000][gc,marking  ] GC(6) Concurrent Preclean
[2025-09-03T20:04:47.863+0000][gc,marking  ] GC(6) Concurrent Preclean 0,036ms
[2025-09-03T20:04:47.864+0000][gc,start    ] GC(6) Pause Remark
[2025-09-03T20:04:47.865+0000][gc          ] GC(6) Pause Remark 146M->146M(1024M) 1,778ms
[2025-09-03T20:04:47.865+0000][gc,cpu      ] GC(6) User=0,00s Sys=0,01s Real=0,00s
[2025-09-03T20:04:47.865+0000][gc,marking  ] GC(6) Concurrent Mark 21,271ms
[2025-09-03T20:04:47.865+0000][gc,marking  ] GC(6) Concurrent Rebuild Remembered Sets and Scrub Regions
[2025-09-03T20:04:47.872+0000][gc,marking  ] GC(6) Concurrent Rebuild Remembered Sets and Scrub Regions 6,822ms
[2025-09-03T20:04:47.872+0000][gc,start    ] GC(6) Pause Cleanup
[2025-09-03T20:04:47.873+0000][gc          ] GC(6) Pause Cleanup 146M->146M(1024M) 0,131ms
[2025-09-03T20:04:47.873+0000][gc,cpu      ] GC(6) User=0,00s Sys=0,00s Real=0,00s
[2025-09-03T20:04:47.873+0000][gc,marking  ] GC(6) Concurrent Clear Claimed Marks
[2025-09-03T20:04:47.873+0000][gc,marking  ] GC(6) Concurrent Clear Claimed Marks 0,023ms
[2025-09-03T20:04:47.873+0000][gc,marking  ] GC(6) Concurrent Cleanup for Next Mark
[2025-09-03T20:04:47.875+0000][gc,marking  ] GC(6) Concurrent Cleanup for Next Mark 2,194ms
[2025-09-03T20:04:47.875+0000][gc          ] GC(6) Concurrent Mark Cycle 31,698ms
[2025-09-03T20:12:14.612+0000][gc,start    ] GC(7) Pause Young (Prepare Mixed) (G1 Evacuation Pause)
[2025-09-03T20:12:14.612+0000][gc,task     ] GC(7) Using 4 workers of 4 for evacuation
[2025-09-03T20:12:14.619+0000][gc,phases   ] GC(7)   Pre Evacuate Collection Set: 0,4ms
[2025-09-03T20:12:14.619+0000][gc,phases   ] GC(7)   Merge Heap Roots: 0,1ms
[2025-09-03T20:12:14.619+0000][gc,phases   ] GC(7)   Evacuate Collection Set: 5,5ms
[2025-09-03T20:12:14.619+0000][gc,phases   ] GC(7)   Post Evacuate Collection Set: 1,1ms
[2025-09-03T20:12:14.619+0000][gc,phases   ] GC(7)   Other: 0,1ms
[2025-09-03T20:12:14.620+0000][gc,heap     ] GC(7) Eden regions: 50->0(46)
[2025-09-03T20:12:14.620+0000][gc,heap     ] GC(7) Survivor regions: 1->5(7)
[2025-09-03T20:12:14.620+0000][gc,heap     ] GC(7) Old regions: 16->16
[2025-09-03T20:12:14.620+0000][gc,heap     ] GC(7) Humongous regions: 129->129
[2025-09-03T20:12:14.620+0000][gc,metaspace] GC(7) Metaspace: 43024K(43648K)->43024K(43648K) NonClass: 37922K(38272K)->37922K(38272K) Class: 5102K(5376K)->5102K(5376K)
[2025-09-03T20:12:14.620+0000][gc          ] GC(7) Pause Young (Prepare Mixed) (G1 Evacuation Pause) 194M->148M(1024M) 7,451ms
[2025-09-03T20:12:14.620+0000][gc,cpu      ] GC(7) User=0,03s Sys=0,00s Real=0,01s
[2025-09-03T20:24:59.369+0000][gc,start    ] GC(8) Pause Young (Mixed) (G1 Evacuation Pause)
[2025-09-03T20:24:59.369+0000][gc,task     ] GC(8) Using 4 workers of 4 for evacuation
[2025-09-03T20:24:59.378+0000][gc,phases   ] GC(8)   Pre Evacuate Collection Set: 0,4ms
[2025-09-03T20:24:59.378+0000][gc,phases   ] GC(8)   Merge Heap Roots: 0,1ms
[2025-09-03T20:24:59.378+0000][gc,phases   ] GC(8)   Evacuate Collection Set: 8,3ms
[2025-09-03T20:24:59.379+0000][gc,phases   ] GC(8)   Post Evacuate Collection Set: 0,7ms
[2025-09-03T20:24:59.379+0000][gc,phases   ] GC(8)   Other: 0,1ms
[2025-09-03T20:24:59.379+0000][gc,heap     ] GC(8) Eden regions: 46->0(48)
[2025-09-03T20:24:59.379+0000][gc,heap     ] GC(8) Survivor regions: 5->3(7)
[2025-09-03T20:24:59.379+0000][gc,heap     ] GC(8) Old regions: 16->19
[2025-09-03T20:24:59.379+0000][gc,heap     ] GC(8) Humongous regions: 129->129
[2025-09-03T20:24:59.379+0000][gc,metaspace] GC(8) Metaspace: 43846K(44480K)->43846K(44480K) NonClass: 38722K(39104K)->38722K(39104K) Class: 5124K(5376K)->5124K(5376K)
[2025-09-03T20:24:59.379+0000][gc          ] GC(8) Pause Young (Mixed) (G1 Evacuation Pause) 194M->150M(1024M) 9,868ms
[2025-09-03T20:24:59.379+0000][gc,cpu      ] GC(8) User=0,03s Sys=0,01s Real=0,01s
[2025-09-03T20:39:24.043+0000][gc,start    ] GC(9) Pause Young (Normal) (G1 Evacuation Pause)
[2025-09-03T20:39:24.043+0000][gc,task     ] GC(9) Using 4 workers of 4 for evacuation
[2025-09-03T20:39:24.050+0000][gc,phases   ] GC(9)   Pre Evacuate Collection Set: 0,5ms
[2025-09-03T20:39:24.050+0000][gc,phases   ] GC(9)   Merge Heap Roots: 0,1ms
[2025-09-03T20:39:24.050+0000][gc,phases   ] GC(9)   Evacuate Collection Set: 4,9ms
[2025-09-03T20:39:24.050+0000][gc,phases   ] GC(9)   Post Evacuate Collection Set: 0,6ms
[2025-09-03T20:39:24.050+0000][gc,phases   ] GC(9)   Other: 0,1ms
[2025-09-03T20:39:24.050+0000][gc,heap     ] GC(9) Eden regions: 48->0(47)
[2025-09-03T20:39:24.050+0000][gc,heap     ] GC(9) Survivor regions: 3->4(7)
[2025-09-03T20:39:24.050+0000][gc,heap     ] GC(9) Old regions: 19->19
[2025-09-03T20:39:24.050+0000][gc,heap     ] GC(9) Humongous regions: 129->129
[2025-09-03T20:39:24.050+0000][gc,metaspace] GC(9) Metaspace: 43965K(44608K)->43965K(44608K) NonClass: 38841K(39232K)->38841K(39232K) Class: 5124K(5376K)->5124K(5376K)
[2025-09-03T20:39:24.050+0000][gc          ] GC(9) Pause Young (Normal) (G1 Evacuation Pause) 198M->151M(1024M) 6,423ms
[2025-09-03T20:39:24.050+0000][gc,cpu      ] GC(9) User=0,02s Sys=0,00s Real=0,00s
[2025-09-03T20:55:02.948+0000][gc,start    ] GC(10) Pause Young (Normal) (G1 Evacuation Pause)
[2025-09-03T20:55:02.948+0000][gc,task     ] GC(10) Using 4 workers of 4 for evacuation
[2025-09-03T20:55:02.955+0000][gc,phases   ] GC(10)   Pre Evacuate Collection Set: 0,4ms
[2025-09-03T20:55:02.955+0000][gc,phases   ] GC(10)   Merge Heap Roots: 0,1ms
[2025-09-03T20:55:02.955+0000][gc,phases   ] GC(10)   Evacuate Collection Set: 5,7ms
[2025-09-03T20:55:02.955+0000][gc,phases   ] GC(10)   Post Evacuate Collection Set: 0,6ms
[2025-09-03T20:55:02.955+0000][gc,phases   ] GC(10)   Other: 0,1ms
[2025-09-03T20:55:02.955+0000][gc,heap     ] GC(10) Eden regions: 47->0(46)
[2025-09-03T20:55:02.955+0000][gc,heap     ] GC(10) Survivor regions: 4->5(7)
[2025-09-03T20:55:02.955+0000][gc,heap     ] GC(10) Old regions: 19->19
[2025-09-03T20:55:02.955+0000][gc,heap     ] GC(10) Humongous regions: 129->129
[2025-09-03T20:55:02.955+0000][gc,metaspace] GC(10) Metaspace: 44083K(44672K)->44083K(44672K) NonClass: 38959K(39296K)->38959K(39296K) Class: 5124K(5376K)->5124K(5376K)
[2025-09-03T20:55:02.955+0000][gc          ] GC(10) Pause Young (Normal) (G1 Evacuation Pause) 198M->153M(1024M) 7,179ms
[2025-09-03T20:55:02.955+0000][gc,cpu      ] GC(10) User=0,02s Sys=0,00s Real=0,01s
[2025-09-03T21:10:15.050+0000][gc,start    ] GC(11) Pause Young (Normal) (G1 Evacuation Pause)
[2025-09-03T21:10:15.050+0000][gc,task     ] GC(11) Using 4 workers of 4 for evacuation
[2025-09-03T21:10:15.059+0000][gc,phases   ] GC(11)   Pre Evacuate Collection Set: 0,6ms
[2025-09-03T21:10:15.059+0000][gc,phases   ] GC(11)   Merge Heap Roots: 0,1ms
[2025-09-03T21:10:15.059+0000][gc,phases   ] GC(11)   Evacuate Collection Set: 7,4ms
[2025-09-03T21:10:15.059+0000][gc,phases   ] GC(11)   Post Evacuate Collection Set: 0,8ms
[2025-09-03T21:10:15.059+0000][gc,phases   ] GC(11)   Other: 0,1ms
[2025-09-03T21:10:15.059+0000][gc,heap     ] GC(11) Eden regions: 46->0(46)
[2025-09-03T21:10:15.059+0000][gc,heap     ] GC(11) Survivor regions: 5->5(7)
[2025-09-03T21:10:15.059+0000][gc,heap     ] GC(11) Old regions: 19->22
[2025-09-03T21:10:15.059+0000][gc,heap     ] GC(11) Humongous regions: 129->129
[2025-09-03T21:10:15.059+0000][gc,metaspace] GC(11) Metaspace: 44161K(44736K)->44161K(44736K) NonClass: 39033K(39360K)->39033K(39360K) Class: 5127K(5376K)->5127K(5376K)
[2025-09-03T21:10:15.059+0000][gc          ] GC(11) Pause Young (Normal) (G1 Evacuation Pause) 199M->154M(1024M) 9,279ms
[2025-09-03T21:10:15.060+0000][gc,cpu      ] GC(11) User=0,04s Sys=0,00s Real=0,01s
[2025-09-03T21:26:33.813+0000][gc,start    ] GC(12) Pause Young (Normal) (G1 Evacuation Pause)
[2025-09-03T21:26:33.813+0000][gc,task     ] GC(12) Using 4 workers of 4 for evacuation
[2025-09-03T21:26:33.819+0000][gc,phases   ] GC(12)   Pre Evacuate Collection Set: 0,5ms
[2025-09-03T21:26:33.819+0000][gc,phases   ] GC(12)   Merge Heap Roots: 0,1ms
[2025-09-03T21:26:33.819+0000][gc,phases   ] GC(12)   Evacuate Collection Set: 4,9ms
[2025-09-03T21:26:33.819+0000][gc,phases   ] GC(12)   Post Evacuate Collection Set: 0,6ms
[2025-09-03T21:26:33.819+0000][gc,phases   ] GC(12)   Other: 0,1ms
[2025-09-03T21:26:33.819+0000][gc,heap     ] GC(12) Eden regions: 46->0(47)
[2025-09-03T21:26:33.819+0000][gc,heap     ] GC(12) Survivor regions: 5->4(7)
[2025-09-03T21:26:33.819+0000][gc,heap     ] GC(12) Old regions: 22->23
[2025-09-03T21:26:33.819+0000][gc,heap     ] GC(12) Humongous regions: 129->129
[2025-09-03T21:26:33.819+0000][gc,metaspace] GC(12) Metaspace: 44191K(44800K)->44191K(44800K) NonClass: 39063K(39424K)->39063K(39424K) Class: 5127K(5376K)->5127K(5376K)
[2025-09-03T21:26:33.819+0000][gc          ] GC(12) Pause Young (Normal) (G1 Evacuation Pause) 200M->155M(1024M) 6,363ms
[2025-09-03T21:26:33.819+0000][gc,cpu      ] GC(12) User=0,03s Sys=0,00s Real=0,01s
