[2025-09-03T20:04:39.794+0000][gc,init] CardTable entry size: 512
[2025-09-03T20:04:39.797+0000][gc     ] Using G1
[2025-09-03T20:04:39.802+0000][gc,init] Version: 21.0.8+9-Ubuntu-0ubuntu122.04.1 (release)
[2025-09-03T20:04:39.802+0000][gc,init] CPUs: 4 total, 4 available
[2025-09-03T20:04:39.802+0000][gc,init] Memory: 3911M
[2025-09-03T20:04:39.802+0000][gc,init] Large Page Support: Disabled
[2025-09-03T20:04:39.802+0000][gc,init] NUMA Support: Disabled
[2025-09-03T20:04:39.802+0000][gc,init] Compressed Oops: Enabled (32-bit)
[2025-09-03T20:04:39.802+0000][gc,init] Heap Region Size: 1M
[2025-09-03T20:04:39.802+0000][gc,init] Heap Min Capacity: 512M
[2025-09-03T20:04:39.802+0000][gc,init] Heap Initial Capacity: 512M
[2025-09-03T20:04:39.802+0000][gc,init] Heap Max Capacity: 512M
[2025-09-03T20:04:39.802+0000][gc,init] Pre-touch: Disabled
[2025-09-03T20:04:39.802+0000][gc,init] Parallel Workers: 4
[2025-09-03T20:04:39.802+0000][gc,init] Concurrent Workers: 1
[2025-09-03T20:04:39.802+0000][gc,init] Concurrent Refinement Workers: 4
[2025-09-03T20:04:39.802+0000][gc,init] Periodic GC: Disabled
[2025-09-03T20:04:39.810+0000][gc,metaspace] CDS archive(s) mapped at: [0x00007f5743000000-0x00007f5743ca0000-0x00007f5743ca0000), size 13238272, SharedBaseAddress: 0x00007f5743000000, ArchiveRelocationMode: 1.
[2025-09-03T20:04:39.810+0000][gc,metaspace] Compressed class space mapped at: 0x00007f5744000000-0x00007f5784000000, reserved size: 1073741824
[2025-09-03T20:04:39.810+0000][gc,metaspace] Narrow klass base: 0x00007f5743000000, Narrow klass shift: 0, Narrow klass range: 0x100000000
[2025-09-03T20:04:40.401+0000][gc,start    ] GC(0) Pause Young (Normal) (G1 Evacuation Pause)
[2025-09-03T20:04:40.402+0000][gc,task     ] GC(0) Using 4 workers of 4 for evacuation
[2025-09-03T20:04:40.408+0000][gc,phases   ] GC(0)   Pre Evacuate Collection Set: 0,2ms
[2025-09-03T20:04:40.408+0000][gc,phases   ] GC(0)   Merge Heap Roots: 0,1ms
[2025-09-03T20:04:40.408+0000][gc,phases   ] GC(0)   Evacuate Collection Set: 5,4ms
[2025-09-03T20:04:40.408+0000][gc,phases   ] GC(0)   Post Evacuate Collection Set: 0,4ms
[2025-09-03T20:04:40.408+0000][gc,phases   ] GC(0)   Other: 0,5ms
[2025-09-03T20:04:40.408+0000][gc,heap     ] GC(0) Eden regions: 25->0(21)
[2025-09-03T20:04:40.408+0000][gc,heap     ] GC(0) Survivor regions: 0->4(4)
[2025-09-03T20:04:40.408+0000][gc,heap     ] GC(0) Old regions: 2->6
[2025-09-03T20:04:40.408+0000][gc,heap     ] GC(0) Humongous regions: 0->0
[2025-09-03T20:04:40.408+0000][gc,metaspace] GC(0) Metaspace: 8251K(8448K)->8251K(8448K) NonClass: 7382K(7488K)->7382K(7488K) Class: 869K(960K)->869K(960K)
[2025-09-03T20:04:40.408+0000][gc          ] GC(0) Pause Young (Normal) (G1 Evacuation Pause) 26M->9M(512M) 6,755ms
[2025-09-03T20:04:40.408+0000][gc,cpu      ] GC(0) User=0,01s Sys=0,00s Real=0,01s
